xxxxxxxxxx
xxxxxxxxxx
xxxxxxxxxx
xxxxxxxxxx
xxxxxxxxxx
xxxxxxxxxx
xxxxxxxxxx
xxxxxxxxxx
xxxxxxxxxx
xxxxxxxxxx
..........
..........
........o.
..o..o....
..........
o.........
.....o....
..........
..........
..........
..........
..........
..........
..........
..........
o.........
..........
..........
..........
.......o..
