......o...
......o...
..........
..........
.o.......o
..........
..........
..........
........o.
..........
..........
..........
......o...
..o.......
.xxxxxxxxx
.xxxxxxxxx
oxxxxxxxxx
.xxxxxxxxx
.xxxxxxxxx
.xxxxxxxxx
.xxxxxxxxx
.xxxxxxxxx
.xxxxxxxxx
..........
..........
o.........
..........
..........
..........
........o.
