..o.......
..........
..........
........o.
..........
..........
..........
..........
..........
....o.....
..........
..........
..........
.....o....
xxxxxxxxx.
xxxxxxxxx.
xxxxxxxxx.
xxxxxxxxx.
xxxxxxxxx.
xxxxxxxxx.
xxxxxxxxx.
xxxxxxxxx.
xxxxxxxxx.
o.........
..........
..o.......
..........
o.......o.
.........o
o.........
