....................
....................
.................o..
....................
..................o.
....................
..............o.....
.........xxxxxxxxx..
........oxxxxxxxxx..
.........xxxxxxxxx..
.........xxxxxxxxx..
.........xxxxxxxxx..
.........xxxxxxxxx..
.........xxxxxxxxx..
.........xxxxxxxxx..
.........xxxxxxxxx..
...........o........
.....o..............
....................
........o...........
