xxxxxxxxx...........
xxxxxxxxx..o......o.
xxxxxxxxxo..........
xxxxxxxxx...........
xxxxxxxxx...........
xxxxxxxxx...........
xxxxxxxxx...........
xxxxxxxxx...........
xxxxxxxxx...........
...............o....
..........o.........
....................
.o..................
.............o......
...............o....
...........o.....o..
.o.........o....o...
...................o
...........o.o......
..........o.........
