.o.............oo...
....o......o........
....................
...........oo.o.....
....o..............o
......oo.o..........
......o.............
o...............oo.o
..........oo........
..........o.........
........oo.......oo.
....xxxxxxx.....o..o
..o.xxxxxxx.........
....xxxxxxx...o.o...
...oxxxxxxx......o..
.o.oxxxxxxx.........
.o..xxxxxxx.........
...oxxxxxxx.........
...........o........
.......o.....o....oo
