.....o..............xxxxxx....
....o.....o........oxxxxxxo...
........o..........oxxxxxx....
....................xxxxxx....
......o.....o...o...xxxxxx....
.........o..........xxxxxx....
............o............o....
....o..................o......
.o..........o.................
o............................o
