...................xxxxxxxxxx.
..................oxxxxxxxxxx.
...o.o.............xxxxxxxxxx.
o..................xxxxxxxxxx.
..............o....xxxxxxxxxx.
...................xxxxxxxxxx.
.oo................xxxxxxxxxxo
...................xxxxxxxxxx.
...................xxxxxxxxxxo
...................xxxxxxxxxx.
