..................o.....................
......oo....................o.....o.....
......................o...........xxxxxx
oo..........o.....................xxxxxx
................o.................xxxxxx
.......................oo..o......xxxxxx
............................o..o..xxxxxx
......o..........................oxxxxxx
........................................
........................o..............o
