....oxxxxx.o.............o............oo
.o..oxxxxx..o..o........oooo...o.o...o..
..o..xxxxx.........o.......o....o.......
...ooxxxxx.o..........o....o.o.....o..o.
.....xxxxx.........o.........o.....o....
.......o...o.................o..........
o.o..........o....o...........oo......oo
............o........o...........oo.....
.....o...o..............o..oo.o.........
...................o...........o........
