..o............xxxxxo....o.o.........o..
...............xxxxx.............o...o..
..o.........o..xxxxx..........o.........
....o.....o....xxxxx..o.....o........o..
......o.......oxxxxx....o.......o......o
......o.....................o...........
....o....o.......o..........o.....o.....
........o...o...o.........o.......o...o.
............o..........o...............o
.........o..o................o..........
